// Jest Snapshot v1, https://goo.gl/fbAQLP

exports[`Csv FileEvents processed correctly
 R1 Tests
 T1.3: .csv with different valid date formats accepted
 .csv with sorted dates accepted
 1`] = `
Object {
  "Date": "04/04/1995",
  "Date_num": Any<Number>,
  "SomeNum": 4,
  "SomeString": "abcd",
  "index": 0,
}
`;

exports[`Csv FileEvents processed correctly
 R1 Tests
 T1.3: .csv with different valid date formats accepted
 .csv with sorted dates accepted
 2`] = `
Object {
  "Date": "06-07-1996",
  "Date_num": Any<Number>,
  "SomeNum": 5,
  "SomeString": "efg",
  "index": 1,
}
`;

exports[`Csv FileEvents processed correctly
 R1 Tests
 T1.3: .csv with different valid date formats accepted
 .csv with sorted dates accepted
 3`] = `
Object {
  "Date": "November 5 1997",
  "Date_num": Any<Number>,
  "SomeNum": 1,
  "SomeString": "hij",
  "index": 2,
}
`;
