// Jest Snapshot v1, https://goo.gl/fbAQLP

exports[`<TimelineComponent /> R2 Tests
 T2.1 Snapshot Test
 1`] = `
"<TimelineComponent data={{...}}>
  <div>
    <div>
      <div>
        <button onClick={[Function: bound toggleTimeline]}>
          Switch to Interval Timeline
        </button>
        <label>
          Y-Axis
        </label>
        <select id=\\"ySelect\\" value=\\"Order ID\\" onChange={[Function: onChange]}>
          <option value=\\"Order ID\\">
            Order ID
          </option>
          <option value=\\"Units Sold\\">
            Units Sold
          </option>
          <option value=\\"Unit Price\\">
            Unit Price
          </option>
          <option value=\\"Unit Cost\\">
            Unit Cost
          </option>
          <option value=\\"Total Revenue\\">
            Total Revenue
          </option>
          <option value=\\"Total Cost\\">
            Total Cost
          </option>
          <option value=\\"Total Profit\\">
            Total Profit
          </option>
          <option value=\\"index\\">
            index
          </option>
          <option value=\\"Order Date_num\\">
            Order Date_num
          </option>
        </select>
        <label>
          Starting Range
        </label>
        <select id=\\"xSelect\\" value=\\"Order Date\\" onChange={[Function: onChange]}>
          <option value=\\"Order Date\\">
            Order Date
          </option>
          <option value=\\"Order ID\\">
            Order ID
          </option>
          <option value=\\"Ship Date\\">
            Ship Date
          </option>
          <option value=\\"Units Sold\\">
            Units Sold
          </option>
          <option value=\\"Unit Price\\">
            Unit Price
          </option>
          <option value=\\"Unit Cost\\">
            Unit Cost
          </option>
          <option value=\\"Total Revenue\\">
            Total Revenue
          </option>
          <option value=\\"Total Cost\\">
            Total Cost
          </option>
          <option value=\\"Total Profit\\">
            Total Profit
          </option>
          <option value=\\"index\\">
            index
          </option>
          <option value=\\"Order Date_num\\">
            Order Date_num
          </option>
        </select>
        <label>
          Ending Range
        </label>
        <select id=\\"x2Select\\" value=\\"Order Date\\" onChange={[Function: onChange]}>
          <option value=\\"Order Date\\">
            Order Date
          </option>
          <option value=\\"Order ID\\">
            Order ID
          </option>
          <option value=\\"Ship Date\\">
            Ship Date
          </option>
          <option value=\\"Units Sold\\">
            Units Sold
          </option>
          <option value=\\"Unit Price\\">
            Unit Price
          </option>
          <option value=\\"Unit Cost\\">
            Unit Cost
          </option>
          <option value=\\"Total Revenue\\">
            Total Revenue
          </option>
          <option value=\\"Total Cost\\">
            Total Cost
          </option>
          <option value=\\"Total Profit\\">
            Total Profit
          </option>
          <option value=\\"index\\">
            index
          </option>
          <option value=\\"Order Date_num\\">
            Order Date_num
          </option>
        </select>
      </div>
      <div id=\\"svgtarget\\" />
    </div>
  </div>
</TimelineComponent>"
`;

exports[`<TimelineComponent /> R2 Tests
 T2.1 Snapshot Test
 2`] = `
"<svg width=\\"934\\" height=\\"768\\">
<g transform=\\"translate(70, 0)\\">
<rect width=\\"934\\" height=\\"598\\" style=\\"fill: none;\\">
</rect>
<defs>
<clipPath id=\\"barsBox\\">
<rect width=\\"934\\" height=\\"768\\" x=\\"0\\" y=\\"0\\">
</rect>
</clipPath>
</defs>
<g clip-path=\\"url(#barsBox)\\">
<g id=\\"barsLayer\\">
<g class=\\"plot\\" id=\\"bars\\">
<rect class=\\"line pin\\" x=\\"0\\" width=\\"2\\" y=\\"419.4852605640208\\" height=\\"178.5147394359792\\">
</rect>
<rect class=\\"line pin\\" x=\\"48.5\\" width=\\"2\\" y=\\"45.45221988871617\\" height=\\"552.5477801112838\\">
</rect>
<rect class=\\"line pin\\" x=\\"97\\" width=\\"2\\" y=\\"0\\" height=\\"598\\">
</rect>
<rect class=\\"line pin\\" x=\\"145.5\\" width=\\"2\\" y=\\"598\\" height=\\"0\\">
</rect>
<rect class=\\"line pin\\" x=\\"194\\" width=\\"2\\" y=\\"221.82608227113172\\" height=\\"376.1739177288683\\">
</rect>
<circle cx=\\"0\\" cy=\\"419.4852605640208\\" r=\\"5\\" style=\\"fill: #69b3a2;\\" stroke=\\"black\\">
</circle>
<circle cx=\\"48.5\\" cy=\\"45.45221988871617\\" r=\\"5\\" style=\\"fill: #69b3a2;\\" stroke=\\"black\\">
</circle>
<circle cx=\\"97\\" cy=\\"0\\" r=\\"5\\" style=\\"fill: #69b3a2;\\" stroke=\\"black\\">
</circle>
<circle cx=\\"145.5\\" cy=\\"598\\" r=\\"5\\" style=\\"fill: #69b3a2;\\" stroke=\\"black\\">
</circle>
<circle cx=\\"194\\" cy=\\"221.82608227113172\\" r=\\"5\\" style=\\"fill: #69b3a2;\\" stroke=\\"black\\">
</circle>
<g class=\\"xtick\\" opacity=\\"1\\" transform=\\"translate(25,598)\\">
<line stroke=\\"blue\\" y2=\\"6\\">
</line>
<text style=\\"text-anchor: end; font-size: 1rem;\\" dx=\\"-.8em\\" dy=\\".15em\\" transform=\\"rotate(-90)\\">1/1/2010
</text>
</g>
</g>
</g>
</g>
<g id=\\"axisLayer\\">
<g style=\\"color: red;\\" class=\\"y axis\\" fill=\\"none\\" font-size=\\"10\\" font-family=\\"sans-serif\\" text-anchor=\\"end\\">
<path class=\\"domain\\" stroke=\\"currentColor\\" d=\\"M-6,598.5H0.5V0.5H-6\\">
</path>
<g class=\\"tick\\" opacity=\\"1\\" transform=\\"translate(0,583.3875042617942)\\">
<line stroke=\\"currentColor\\" x2=\\"-6\\">
</line>
<text fill=\\"currentColor\\" x=\\"-9\\" dy=\\"0.32em\\">350,000,000
</text>
</g>
<g class=\\"tick\\" opacity=\\"1\\" transform=\\"translate(0,531.0850872294376)\\">
<line stroke=\\"currentColor\\" x2=\\"-6\\">
</line>
<text fill=\\"currentColor\\" x=\\"-9\\" dy=\\"0.32em\\">400,000,000
</text>
</g>
<g class=\\"tick\\" opacity=\\"1\\" transform=\\"translate(0,478.78267019708096)\\">
<line stroke=\\"currentColor\\" x2=\\"-6\\">
</line>
<text fill=\\"currentColor\\" x=\\"-9\\" dy=\\"0.32em\\">450,000,000
</text>
</g>
<g class=\\"tick\\" opacity=\\"1\\" transform=\\"translate(0,426.48025316472433)\\">
<line stroke=\\"currentColor\\" x2=\\"-6\\">
</line>
<text fill=\\"currentColor\\" x=\\"-9\\" dy=\\"0.32em\\">500,000,000
</text>
</g>
<g class=\\"tick\\" opacity=\\"1\\" transform=\\"translate(0,374.1778361323677)\\">
<line stroke=\\"currentColor\\" x2=\\"-6\\">
</line>
<text fill=\\"currentColor\\" x=\\"-9\\" dy=\\"0.32em\\">550,000,000
</text>
</g>
<g class=\\"tick\\" opacity=\\"1\\" transform=\\"translate(0,321.87541910001113)\\">
<line stroke=\\"currentColor\\" x2=\\"-6\\">
</line>
<text fill=\\"currentColor\\" x=\\"-9\\" dy=\\"0.32em\\">600,000,000
</text>
</g>
<g class=\\"tick\\" opacity=\\"1\\" transform=\\"translate(0,269.5730020676545)\\">
<line stroke=\\"currentColor\\" x2=\\"-6\\">
</line>
<text fill=\\"currentColor\\" x=\\"-9\\" dy=\\"0.32em\\">650,000,000
</text>
</g>
<g class=\\"tick\\" opacity=\\"1\\" transform=\\"translate(0,217.27058503529787)\\">
<line stroke=\\"currentColor\\" x2=\\"-6\\">
</line>
<text fill=\\"currentColor\\" x=\\"-9\\" dy=\\"0.32em\\">700,000,000
</text>
</g>
<g class=\\"tick\\" opacity=\\"1\\" transform=\\"translate(0,164.96816800294124)\\">
<line stroke=\\"currentColor\\" x2=\\"-6\\">
</line>
<text fill=\\"currentColor\\" x=\\"-9\\" dy=\\"0.32em\\">750,000,000
</text>
</g>
<g class=\\"tick\\" opacity=\\"1\\" transform=\\"translate(0,112.66575097058455)\\">
<line stroke=\\"currentColor\\" x2=\\"-6\\">
</line>
<text fill=\\"currentColor\\" x=\\"-9\\" dy=\\"0.32em\\">800,000,000
</text>
</g>
<g class=\\"tick\\" opacity=\\"1\\" transform=\\"translate(0,60.36333393822804)\\">
<line stroke=\\"currentColor\\" x2=\\"-6\\">
</line>
<text fill=\\"currentColor\\" x=\\"-9\\" dy=\\"0.32em\\">850,000,000
</text>
</g>
<g class=\\"tick\\" opacity=\\"1\\" transform=\\"translate(0,8.060916905871295)\\">
<line stroke=\\"currentColor\\" x2=\\"-6\\">
</line>
<text fill=\\"currentColor\\" x=\\"-9\\" dy=\\"0.32em\\">900,000,000
</text>
</g>
<text transform=\\"rotate(-90)\\" y=\\"6\\" dy=\\".71em\\" style=\\"text-anchor: end; color: red;\\">yColumn
</text>
</g>
</g>
<text transform=\\"translate(467,618)\\" style=\\"text-anchor: start;\\">Order Date
</text>
<text transform=\\"rotate(-90)\\" y=\\"-70\\" x=\\"-299\\" dy=\\"1em\\" style=\\"text-anchor: middle;\\">Order ID
</text>
</g>
</svg>
"
`;

exports[`<TimelineComponent /> R2 Tests
 T2.4 Snapshot Test
 1`] = `
"<TimelineComponent data={{...}}>
  <div>
    <div>
      <div>
        <button onClick={[Function: bound toggleTimeline]}>
          Switch to Interval Timeline
        </button>
        <label>
          Y-Axis
        </label>
        <select id=\\"ySelect\\" value=\\"Order ID\\" onChange={[Function: onChange]}>
          <option value=\\"Order ID\\">
            Order ID
          </option>
          <option value=\\"Units Sold\\">
            Units Sold
          </option>
          <option value=\\"Unit Price\\">
            Unit Price
          </option>
          <option value=\\"Unit Cost\\">
            Unit Cost
          </option>
          <option value=\\"Total Revenue\\">
            Total Revenue
          </option>
          <option value=\\"Total Cost\\">
            Total Cost
          </option>
          <option value=\\"Total Profit\\">
            Total Profit
          </option>
          <option value=\\"index\\">
            index
          </option>
          <option value=\\"Order Date_num\\">
            Order Date_num
          </option>
        </select>
        <label>
          Starting Range
        </label>
        <select id=\\"xSelect\\" value=\\"Order Date\\" onChange={[Function: onChange]}>
          <option value=\\"Order Date\\">
            Order Date
          </option>
          <option value=\\"Order ID\\">
            Order ID
          </option>
          <option value=\\"Ship Date\\">
            Ship Date
          </option>
          <option value=\\"Units Sold\\">
            Units Sold
          </option>
          <option value=\\"Unit Price\\">
            Unit Price
          </option>
          <option value=\\"Unit Cost\\">
            Unit Cost
          </option>
          <option value=\\"Total Revenue\\">
            Total Revenue
          </option>
          <option value=\\"Total Cost\\">
            Total Cost
          </option>
          <option value=\\"Total Profit\\">
            Total Profit
          </option>
          <option value=\\"index\\">
            index
          </option>
          <option value=\\"Order Date_num\\">
            Order Date_num
          </option>
        </select>
        <label>
          Ending Range
        </label>
        <select id=\\"x2Select\\" value=\\"Order Date\\" onChange={[Function: onChange]}>
          <option value=\\"Order Date\\">
            Order Date
          </option>
          <option value=\\"Order ID\\">
            Order ID
          </option>
          <option value=\\"Ship Date\\">
            Ship Date
          </option>
          <option value=\\"Units Sold\\">
            Units Sold
          </option>
          <option value=\\"Unit Price\\">
            Unit Price
          </option>
          <option value=\\"Unit Cost\\">
            Unit Cost
          </option>
          <option value=\\"Total Revenue\\">
            Total Revenue
          </option>
          <option value=\\"Total Cost\\">
            Total Cost
          </option>
          <option value=\\"Total Profit\\">
            Total Profit
          </option>
          <option value=\\"index\\">
            index
          </option>
          <option value=\\"Order Date_num\\">
            Order Date_num
          </option>
        </select>
      </div>
      <div id=\\"svgtarget\\" />
    </div>
  </div>
</TimelineComponent>"
`;

exports[`<TimelineComponent /> R2 Tests
 T2.4 Snapshot Test
 2`] = `
"<svg width=\\"934\\" height=\\"768\\">
<g transform=\\"translate(70, 0)\\">
<rect width=\\"934\\" height=\\"598\\" style=\\"fill: none;\\">
</rect>
<defs>
<clipPath id=\\"barsBox\\">
<rect width=\\"934\\" height=\\"768\\" x=\\"0\\" y=\\"0\\">
</rect>
</clipPath>
</defs>
<g clip-path=\\"url(#barsBox)\\">
<g id=\\"barsLayer\\">
<g class=\\"plot\\" id=\\"bars\\">
<rect class=\\"bar\\" x=\\"125\\" width=\\"0\\" y=\\"419.4852605640208\\" height=\\"178.5147394359792\\" style=\\"fill: #61a3a9; opacity: 0.2;\\">
</rect>
<rect class=\\"bar\\" x=\\"125\\" width=\\"0\\" y=\\"45.45221988871617\\" height=\\"552.5477801112838\\" style=\\"fill: #61a3a9; opacity: 0.2;\\">
</rect>
<rect class=\\"bar\\" x=\\"125\\" width=\\"0\\" y=\\"0\\" height=\\"598\\" style=\\"fill: #61a3a9; opacity: 0.2;\\">
</rect>
<rect class=\\"bar\\" x=\\"125\\" width=\\"0\\" y=\\"598\\" height=\\"0\\" style=\\"fill: #61a3a9; opacity: 0.2;\\">
</rect>
<rect class=\\"bar\\" x=\\"125\\" width=\\"0\\" y=\\"221.82608227113172\\" height=\\"376.1739177288683\\" style=\\"fill: #61a3a9; opacity: 0.2;\\">
</rect>
<g class=\\"xtick\\" opacity=\\"1\\" transform=\\"translate(125 ,
                    598)\\">
<line stroke=\\"blue\\" y2=\\"6\\">
</line>
<text style=\\"text-anchor: end; font-size: 1rem;\\" dx=\\"-.8em\\" dy=\\".15em\\" transform=\\"rotate(-90)\\">1/1/2010
</text>
</g>
</g>
</g>
</g>
<g id=\\"axisLayer\\">
<g style=\\"color: red;\\" class=\\"y axis\\" fill=\\"none\\" font-size=\\"10\\" font-family=\\"sans-serif\\" text-anchor=\\"end\\">
<path class=\\"domain\\" stroke=\\"currentColor\\" d=\\"M-6,598.5H0.5V0.5H-6\\">
</path>
<g class=\\"tick\\" opacity=\\"1\\" transform=\\"translate(0,583.3875042617942)\\">
<line stroke=\\"currentColor\\" x2=\\"-6\\">
</line>
<text fill=\\"currentColor\\" x=\\"-9\\" dy=\\"0.32em\\">350,000,000
</text>
</g>
<g class=\\"tick\\" opacity=\\"1\\" transform=\\"translate(0,531.0850872294376)\\">
<line stroke=\\"currentColor\\" x2=\\"-6\\">
</line>
<text fill=\\"currentColor\\" x=\\"-9\\" dy=\\"0.32em\\">400,000,000
</text>
</g>
<g class=\\"tick\\" opacity=\\"1\\" transform=\\"translate(0,478.78267019708096)\\">
<line stroke=\\"currentColor\\" x2=\\"-6\\">
</line>
<text fill=\\"currentColor\\" x=\\"-9\\" dy=\\"0.32em\\">450,000,000
</text>
</g>
<g class=\\"tick\\" opacity=\\"1\\" transform=\\"translate(0,426.48025316472433)\\">
<line stroke=\\"currentColor\\" x2=\\"-6\\">
</line>
<text fill=\\"currentColor\\" x=\\"-9\\" dy=\\"0.32em\\">500,000,000
</text>
</g>
<g class=\\"tick\\" opacity=\\"1\\" transform=\\"translate(0,374.1778361323677)\\">
<line stroke=\\"currentColor\\" x2=\\"-6\\">
</line>
<text fill=\\"currentColor\\" x=\\"-9\\" dy=\\"0.32em\\">550,000,000
</text>
</g>
<g class=\\"tick\\" opacity=\\"1\\" transform=\\"translate(0,321.87541910001113)\\">
<line stroke=\\"currentColor\\" x2=\\"-6\\">
</line>
<text fill=\\"currentColor\\" x=\\"-9\\" dy=\\"0.32em\\">600,000,000
</text>
</g>
<g class=\\"tick\\" opacity=\\"1\\" transform=\\"translate(0,269.5730020676545)\\">
<line stroke=\\"currentColor\\" x2=\\"-6\\">
</line>
<text fill=\\"currentColor\\" x=\\"-9\\" dy=\\"0.32em\\">650,000,000
</text>
</g>
<g class=\\"tick\\" opacity=\\"1\\" transform=\\"translate(0,217.27058503529787)\\">
<line stroke=\\"currentColor\\" x2=\\"-6\\">
</line>
<text fill=\\"currentColor\\" x=\\"-9\\" dy=\\"0.32em\\">700,000,000
</text>
</g>
<g class=\\"tick\\" opacity=\\"1\\" transform=\\"translate(0,164.96816800294124)\\">
<line stroke=\\"currentColor\\" x2=\\"-6\\">
</line>
<text fill=\\"currentColor\\" x=\\"-9\\" dy=\\"0.32em\\">750,000,000
</text>
</g>
<g class=\\"tick\\" opacity=\\"1\\" transform=\\"translate(0,112.66575097058455)\\">
<line stroke=\\"currentColor\\" x2=\\"-6\\">
</line>
<text fill=\\"currentColor\\" x=\\"-9\\" dy=\\"0.32em\\">800,000,000
</text>
</g>
<g class=\\"tick\\" opacity=\\"1\\" transform=\\"translate(0,60.36333393822804)\\">
<line stroke=\\"currentColor\\" x2=\\"-6\\">
</line>
<text fill=\\"currentColor\\" x=\\"-9\\" dy=\\"0.32em\\">850,000,000
</text>
</g>
<g class=\\"tick\\" opacity=\\"1\\" transform=\\"translate(0,8.060916905871295)\\">
<line stroke=\\"currentColor\\" x2=\\"-6\\">
</line>
<text fill=\\"currentColor\\" x=\\"-9\\" dy=\\"0.32em\\">900,000,000
</text>
</g>
<text transform=\\"rotate(-90)\\" y=\\"6\\" dy=\\".71em\\" style=\\"text-anchor: end; color: red;\\">yColumn
</text>
</g>
</g>
<text transform=\\"translate(477,618)\\" style=\\"text-anchor: start;\\">end: Order ID
</text>
<text transform=\\"translate(467,618)\\" style=\\"text-anchor: end;\\">start: Order Date,
</text>
<text transform=\\"rotate(-90)\\" y=\\"-70\\" x=\\"-299\\" dy=\\"1em\\" style=\\"text-anchor: middle;\\">Order ID
</text>
</g>
</svg>
"
`;
